✅ Sincronización completada: Mon Apr 27 19:33:23 UTC 2026
Branch: main
Commit SHA: abd927d8ccef02106a59cfffccd87673c218db36
Triggered by: push
✅ Sincronización completada: Tue Apr 28 02:42:14 UTC 2026
Branch: main
Commit SHA: 25320fc8f472ba21e6e260766e1137788d569daa
Triggered by: schedule
✅ Sincronización completada: Tue Apr 28 08:22:24 UTC 2026
Branch: main
Commit SHA: 696cd06b2f0bd579af50f2adf41c0dfc7501df92
Triggered by: schedule
✅ Sincronización completada: Tue Apr 28 13:59:47 UTC 2026
Branch: main
Commit SHA: 4c79757deefab56798d5c87d381b10260113cd82
Triggered by: schedule
✅ Sincronización completada: Tue Apr 28 19:29:13 UTC 2026
Branch: main
Commit SHA: 6014730065d3e58eb16c939b3b386476061d858e
Triggered by: schedule
✅ Sincronización completada: Wed Apr 29 02:42:02 UTC 2026
Branch: main
Commit SHA: 642293e0520dcce12869ca15f135d4a17c20f95f
Triggered by: schedule
✅ Sincronización completada: Wed Apr 29 08:13:04 UTC 2026
Branch: main
Commit SHA: 8263e1d6fe72143f4aee6def72312005abf20004
Triggered by: schedule
✅ Sincronización completada: Wed Apr 29 13:50:19 UTC 2026
Branch: main
Commit SHA: 9e17d4851a9cb4b3fb92e596a5ca7f43ae9fb8a5
Triggered by: schedule
✅ Sincronización completada: Wed Apr 29 19:21:45 UTC 2026
Branch: main
Commit SHA: e07f955ebb51a9c6b9db4126bc56474959da252b
Triggered by: schedule
✅ Sincronización completada: Thu Apr 30 02:43:10 UTC 2026
Branch: main
Commit SHA: 8b57d5d68ef6ad75234846b828a53763322515ed
Triggered by: schedule
✅ Sincronización completada: Thu Apr 30 08:18:00 UTC 2026
Branch: main
Commit SHA: 823862919b185ff4b385fdc9f1fb8e146d79e88e
Triggered by: schedule
✅ Sincronización completada: Thu Apr 30 13:48:56 UTC 2026
Branch: main
Commit SHA: 4607c6ea1a5044651288dd93c0042eecd0019e81
Triggered by: schedule
✅ Sincronización completada: Thu Apr 30 19:17:19 UTC 2026
Branch: main
Commit SHA: 4b34b6796c0f6e9718dc752fffffab7908d99f29
Triggered by: schedule
✅ Sincronización completada: Fri May  1 02:49:57 UTC 2026
Branch: main
Commit SHA: ce115c38f775bd0bfa6dec340308531731283980
Triggered by: schedule
✅ Sincronización completada: Fri May  1 08:08:56 UTC 2026
Branch: main
Commit SHA: 1f20ff9ecd7951e640ed1a1a6e81626735e5d248
Triggered by: schedule
✅ Sincronización completada: Fri May  1 13:14:30 UTC 2026
Branch: main
Commit SHA: f8c5341c4be9b411feb2f72e93b0184a23daffca
Triggered by: schedule
✅ Sincronización completada: Fri May  1 19:08:24 UTC 2026
Branch: main
Commit SHA: 9cc8ca4e317391ab32764db479b9aeb4b3beb2d9
Triggered by: schedule
✅ Sincronización completada: Sat May  2 02:31:31 UTC 2026
Branch: main
Commit SHA: cdbc2ffc0735a84cff85a57aaeb14883a9b2cd70
Triggered by: schedule
✅ Sincronización completada: Sat May  2 07:40:43 UTC 2026
Branch: main
Commit SHA: adbf0bb355fd08a1626260b2875e13767d9bc95e
Triggered by: schedule
✅ Sincronización completada: Sat May  2 13:05:40 UTC 2026
Branch: main
Commit SHA: e3b0bdc3dea705a09fd40f052c1fcf2b5a759f92
Triggered by: schedule
✅ Sincronización completada: Sat May  2 18:56:16 UTC 2026
Branch: main
Commit SHA: c68075d935f18f3283e8609a092e5cdb536b1ba4
Triggered by: schedule
✅ Sincronización completada: Sun May  3 02:41:45 UTC 2026
Branch: main
Commit SHA: da98e3f9663ae0bd0dddfc7e791c68cc50fe861f
Triggered by: schedule
✅ Sincronización completada: Sun May  3 07:59:11 UTC 2026
Branch: main
Commit SHA: 7f8ec48b971465aea3966188afffd019253790da
Triggered by: schedule
✅ Sincronización completada: Sun May  3 13:05:09 UTC 2026
Branch: main
Commit SHA: 86275117d8d824c1d2c5c8b29402f189cb1eca19
Triggered by: schedule
✅ Sincronización completada: Sun May  3 18:56:31 UTC 2026
Branch: main
Commit SHA: dd4ae0ca4d34ae0f3194c95e869bfc7ec37de3da
Triggered by: schedule
✅ Sincronización completada: Mon May  4 02:39:21 UTC 2026
Branch: main
Commit SHA: 37e7eba3e6b32c6b45cdce71bd34fd015a4044ab
Triggered by: schedule
✅ Sincronización completada: Mon May  4 08:26:24 UTC 2026
Branch: main
Commit SHA: f9ac9a1c88d17cc2a333418bb229f666acd9cc03
Triggered by: schedule
✅ Sincronización completada: Mon May  4 13:54:31 UTC 2026
Branch: main
Commit SHA: 16ca8fbb921799d29919544bb5e382ae8d52ad7b
Triggered by: schedule
✅ Sincronización completada: Mon May  4 19:25:47 UTC 2026
Branch: main
Commit SHA: 1188e8a2f636bfac2505b7f6536a9bf10a080347
Triggered by: schedule
✅ Sincronización completada: Tue May  5 02:33:07 UTC 2026
Branch: main
Commit SHA: ca13102f670c0aa27bbc577d9b1cb16e6178ec98
Triggered by: schedule
✅ Sincronización completada: Tue May  5 08:05:57 UTC 2026
Branch: main
Commit SHA: 65ac95e2fc838af37076ad414152662233137cb4
Triggered by: schedule
✅ Sincronización completada: Tue May  5 19:15:54 UTC 2026
Branch: main
Commit SHA: a92d57f2fece16f3e0e52a5e27460b077e33227e
Triggered by: schedule
✅ Sincronización completada: Wed May  6 02:37:20 UTC 2026
Branch: main
Commit SHA: c72373989fc26fe80f434c8a3bab4210638723f5
Triggered by: schedule
✅ Sincronización completada: Wed May  6 08:23:35 UTC 2026
Branch: main
Commit SHA: 14c9b28b55682b71e42f559184c27dc2b53cf711
Triggered by: schedule
✅ Sincronización completada: Wed May  6 14:04:09 UTC 2026
Branch: main
Commit SHA: 99f5fe102e58718e6d793b563642d4cfdca75cc6
Triggered by: schedule
✅ Sincronización completada: Wed May  6 19:43:38 UTC 2026
Branch: main
Commit SHA: ba690e63a914e460f8423372edea2e8372eef1b7
Triggered by: schedule
✅ Sincronización completada: Thu May  7 02:39:44 UTC 2026
Branch: main
Commit SHA: 1cff8f41726a9bede5e4169c865272f28682bb3f
Triggered by: schedule
✅ Sincronización completada: Thu May  7 08:30:21 UTC 2026
Branch: main
Commit SHA: 0347f84b08f03f11f32d4396e26918194c639198
Triggered by: schedule
✅ Sincronización completada: Thu May  7 14:01:55 UTC 2026
Branch: main
Commit SHA: c4735016f1559b86f922680514d7fdc9399be562
Triggered by: schedule
✅ Sincronización completada: Thu May  7 19:41:05 UTC 2026
Branch: main
Commit SHA: 365c578d46df22b5af22be276190585101229cf3
Triggered by: schedule
✅ Sincronización completada: Fri May  8 02:44:36 UTC 2026
Branch: main
Commit SHA: 82d5d885f7a36d87e7bceefcd3d620ed509749a7
Triggered by: schedule
✅ Sincronización completada: Fri May  8 07:26:58 UTC 2026
Branch: main
Commit SHA: 1f33db9c22651acdf14b7bff1b401d04fa98ef28
Triggered by: schedule
✅ Sincronización completada: Fri May  8 13:27:45 UTC 2026
Branch: main
Commit SHA: 9a45701becb215d175cfc971164debaed445ab04
Triggered by: schedule
✅ Sincronización completada: Fri May  8 19:13:43 UTC 2026
Branch: main
Commit SHA: 249e2dcaf8a5d1a64c02240f0ca3e4c05a5c9c39
Triggered by: schedule
✅ Sincronización completada: Sat May  9 02:38:43 UTC 2026
Branch: main
Commit SHA: 3fa3b6610d403ced0fae5506951899cec11a4a69
Triggered by: schedule
✅ Sincronización completada: Sat May  9 07:53:12 UTC 2026
Branch: main
Commit SHA: 6ee2aa1f83ba881721750b0bf35ad1ec49c8a186
Triggered by: schedule
✅ Sincronización completada: Sat May  9 13:12:51 UTC 2026
Branch: main
Commit SHA: 7e5c3468ba9cd47d3e871999ca1aa6bbc9e3cff2
Triggered by: schedule
✅ Sincronización completada: Sat May  9 18:57:47 UTC 2026
Branch: main
Commit SHA: 3dd19c7d8952cdce3bfab93f2a7deeeaf0d8e28e
Triggered by: schedule
✅ Sincronización completada: Sun May 10 02:44:02 UTC 2026
Branch: main
Commit SHA: d332ff9743f66c4199433929b0b4baf68d05e148
Triggered by: schedule
✅ Sincronización completada: Sun May 10 08:05:19 UTC 2026
Branch: main
Commit SHA: 08bf49ec148b209fed4979d28c0ef80f47a34460
Triggered by: schedule
✅ Sincronización completada: Sun May 10 13:13:25 UTC 2026
Branch: main
Commit SHA: aeebfe0e43af56cd3138925b3a38dae77e52a06b
Triggered by: schedule
✅ Sincronización completada: Sun May 10 18:59:21 UTC 2026
Branch: main
Commit SHA: baa3f37cb0e67804635ba0cd503a0ba7f5ca54a1
Triggered by: schedule
✅ Sincronización completada: Mon May 11 02:53:36 UTC 2026
Branch: main
Commit SHA: a06e4c2e025e4509ff8108819d05a20e246fa6ff
Triggered by: schedule
✅ Sincronización completada: Mon May 11 09:35:22 UTC 2026
Branch: main
Commit SHA: 0df015d22e3dcac070a61c3998aac963d7154d1c
Triggered by: schedule
✅ Sincronización completada: Mon May 11 14:44:40 UTC 2026
Branch: main
Commit SHA: 71db59863cfa124078ff33c1771f9bb27eb713d1
Triggered by: schedule
✅ Sincronización completada: Mon May 11 19:43:40 UTC 2026
Branch: main
Commit SHA: b973e55a8b89eca09c1264a35a9019a04602e47a
Triggered by: schedule
✅ Sincronización completada: Tue May 12 02:45:33 UTC 2026
Branch: main
Commit SHA: 4b9058189236ea62bd771f20993ecea101e5685e
Triggered by: schedule
✅ Sincronización completada: Tue May 12 08:36:09 UTC 2026
Branch: main
Commit SHA: 1773d018ccf730b8c4ee4e6e21a4e8d11dbb5864
Triggered by: schedule
✅ Sincronización completada: Tue May 12 14:19:14 UTC 2026
Branch: main
Commit SHA: e05526f2a79b906850121ee96d757a76796c9aa8
Triggered by: schedule
✅ Sincronización completada: Tue May 12 19:47:26 UTC 2026
Branch: main
Commit SHA: 49f8cf3d20c2d8c3dce3014e1e25932850c65e5c
Triggered by: schedule
✅ Sincronización completada: Wed May 13 02:50:57 UTC 2026
Branch: main
Commit SHA: 9b21f7c98ad01c07a1d0f5a0c52796325cb8ba7b
Triggered by: schedule
✅ Sincronización completada: Wed May 13 08:41:28 UTC 2026
Branch: main
Commit SHA: 7114b1182b39e913087a0339164df02b2433342a
Triggered by: schedule
✅ Sincronización completada: Wed May 13 14:27:54 UTC 2026
Branch: main
Commit SHA: ce2413781de3613de58319f6532a86e6b3663b80
Triggered by: schedule
✅ Sincronización completada: Wed May 13 19:51:22 UTC 2026
Branch: main
Commit SHA: 3954c636932aa68b27d3bdeb70b3a41c733b75cd
Triggered by: schedule
✅ Sincronización completada: Thu May 14 02:53:06 UTC 2026
Branch: main
Commit SHA: afa51723f2b11f98d4dc571c2f989d5b79a8ae1a
Triggered by: schedule
✅ Sincronización completada: Thu May 14 08:34:39 UTC 2026
Branch: main
Commit SHA: 3758e06a1db29ebeec862bba3886321c0ddee454
Triggered by: schedule
✅ Sincronización completada: Thu May 14 14:04:33 UTC 2026
Branch: main
Commit SHA: 39fccbbfd175f410e1401fb22a2c5a1d7bbfdd41
Triggered by: schedule
✅ Sincronización completada: Thu May 14 19:43:01 UTC 2026
Branch: main
Commit SHA: a3b7bced7813ab5d4a08a1ca8200178599938587
Triggered by: schedule
✅ Sincronización completada: Fri May 15 02:54:53 UTC 2026
Branch: main
Commit SHA: cd24c55bab55b366923917199485427bcca82d7d
Triggered by: schedule
✅ Sincronización completada: Fri May 15 08:45:55 UTC 2026
Branch: main
Commit SHA: f67a954930020d2b928316a413886de770b95ef0
Triggered by: schedule
✅ Sincronización completada: Fri May 15 14:01:33 UTC 2026
Branch: main
Commit SHA: d1203e13150f9ae1ddcf5a476550a28d0af8d6fc
Triggered by: schedule
✅ Sincronización completada: Fri May 15 19:26:20 UTC 2026
Branch: main
Commit SHA: 898d93d63debe5c8f13903f2c7823939366c53ab
Triggered by: schedule
✅ Sincronización completada: Sat May 16 02:42:02 UTC 2026
Branch: main
Commit SHA: 237ea112f579e6546c5251b87ff6771aa5811931
Triggered by: schedule
✅ Sincronización completada: Sat May 16 08:01:00 UTC 2026
Branch: main
Commit SHA: 3a26606647d6f589a15245d1f94c8bdb195cbc98
Triggered by: schedule
✅ Sincronización completada: Sat May 16 13:16:53 UTC 2026
Branch: main
Commit SHA: e120f89e68e1eae03469d39a04d3b7e70c6c4503
Triggered by: schedule
✅ Sincronización completada: Sat May 16 19:00:42 UTC 2026
Branch: main
Commit SHA: 1f655ec775ad41bf56761d69db16a58d01d6a741
Triggered by: schedule
✅ Sincronización completada: Sun May 17 02:50:43 UTC 2026
Branch: main
Commit SHA: 478fbff959de134fe29360d281e4b8034e125b9d
Triggered by: schedule
✅ Sincronización completada: Sun May 17 08:18:16 UTC 2026
Branch: main
Commit SHA: c9582ad60c5394eb57bf4cfdb641c9cb0c6d7e91
Triggered by: schedule
✅ Sincronización completada: Sun May 17 13:15:18 UTC 2026
Branch: main
Commit SHA: 438a2e81c901f1d583edcdd1510d6803b3ec017f
Triggered by: schedule
✅ Sincronización completada: Sun May 17 19:05:34 UTC 2026
Branch: main
Commit SHA: fe20b516416fe6c973010d9d513eec591fcef217
Triggered by: schedule
✅ Sincronización completada: Mon May 18 03:28:01 UTC 2026
Branch: main
Commit SHA: 92df849d0b9f35549bb903d0162fb84a94a74771
Triggered by: schedule
✅ Sincronización completada: Mon May 18 09:58:08 UTC 2026
Branch: main
Commit SHA: a6091e4f96197f6b587000bdbb31050ccb9d3f92
Triggered by: schedule
✅ Sincronización completada: Mon May 18 15:26:45 UTC 2026
Branch: main
Commit SHA: 86c5124a524149c69001af644008f0bed44d8098
Triggered by: schedule
✅ Sincronización completada: Mon May 18 19:42:03 UTC 2026
Branch: main
Commit SHA: 7743234503384821a0d22bffac20fa2499f81906
Triggered by: schedule
✅ Sincronización completada: Tue May 19 02:57:02 UTC 2026
Branch: main
Commit SHA: 48dec341efceeb188013dc1a2e21cf13fd7867cc
Triggered by: schedule
✅ Sincronización completada: Tue May 19 09:38:22 UTC 2026
Branch: main
Commit SHA: 3905f1682761533ffe452960f7c33440afa8736d
Triggered by: schedule
✅ Sincronización completada: Tue May 19 14:56:16 UTC 2026
Branch: main
Commit SHA: 5adf089bbd234a773581d5fdf6f42b9f3d6e5bdf
Triggered by: schedule
✅ Sincronización completada: Tue May 19 19:49:31 UTC 2026
Branch: main
Commit SHA: dd9cc35bee4cb0a300f2b3f4fd6e4385367a93b4
Triggered by: schedule
✅ Sincronización completada: Wed May 20 02:57:09 UTC 2026
Branch: main
Commit SHA: 7973a15be15ec0437a259a0cf41c3a7783bdd239
Triggered by: schedule
✅ Sincronización completada: Wed May 20 09:28:08 UTC 2026
Branch: main
Commit SHA: 5d43d9888ad14f8380c3085935c48f0c98fa7d1a
Triggered by: schedule
✅ Sincronización completada: Wed May 20 14:57:44 UTC 2026
Branch: main
Commit SHA: ac7109466706153c7dd68aa82712fa0a628004a5
Triggered by: schedule
✅ Sincronización completada: Wed May 20 20:11:28 UTC 2026
Branch: main
Commit SHA: 96ff731588cafd5aed5932ccce99ca179260e8b1
Triggered by: schedule
✅ Sincronización completada: Thu May 21 03:26:53 UTC 2026
Branch: main
Commit SHA: 5ebd219b71f6cd996fffab67b279ad7f8418ffad
Triggered by: schedule
✅ Sincronización completada: Thu May 21 09:36:06 UTC 2026
Branch: main
Commit SHA: f6414b16b1d5d9292d31ce0dccd404445d010882
Triggered by: schedule
✅ Sincronización completada: Thu May 21 15:18:39 UTC 2026
Branch: main
Commit SHA: 85082b289b37207b638027093000c2b70b7804b9
Triggered by: schedule
✅ Sincronización completada: Thu May 21 19:54:07 UTC 2026
Branch: main
Commit SHA: 221c5ef6699c3dfa81587934d341340a8bf324f9
Triggered by: schedule
✅ Sincronización completada: Fri May 22 03:26:24 UTC 2026
Branch: main
Commit SHA: dbc2ec9711cd6a3ba1f78d0df184f2389de7f231
Triggered by: schedule
✅ Sincronización completada: Fri May 22 08:57:52 UTC 2026
Branch: main
Commit SHA: c6e797aba55004e67d8b7c7b11f3b46d731d364f
Triggered by: schedule
✅ Sincronización completada: Fri May 22 14:34:01 UTC 2026
Branch: main
Commit SHA: 4d6fee56b63fb2d442e857aa084f8ed3dd467a9a
Triggered by: schedule
✅ Sincronización completada: Fri May 22 19:41:17 UTC 2026
Branch: main
Commit SHA: 30f29b04429af090de288e5aeb216e89d96b94b1
Triggered by: schedule
✅ Sincronización completada: Sat May 23 02:46:13 UTC 2026
Branch: main
Commit SHA: 48b661ddc922d591c671ffdec1ca10a3956d6b1f
Triggered by: schedule
✅ Sincronización completada: Sat May 23 08:14:23 UTC 2026
Branch: main
Commit SHA: 5a6d62d667b329cb188e5d8f4eccdb90ac97dbc1
Triggered by: schedule
✅ Sincronización completada: Sat May 23 13:19:49 UTC 2026
Branch: main
Commit SHA: 78ea89fb158bfad671bc01ff3ba9dde17b4fbb63
Triggered by: schedule
✅ Sincronización completada: Sat May 23 19:06:02 UTC 2026
Branch: main
Commit SHA: 61c26edccb5bcb3c8bfa6c0a2ca03f87a01eeeed
Triggered by: schedule
✅ Sincronización completada: Sun May 24 02:58:52 UTC 2026
Branch: main
Commit SHA: 86976e4a5fae9342e59e1876569fb82f14afa022
Triggered by: schedule
✅ Sincronización completada: Sun May 24 08:26:12 UTC 2026
Branch: main
Commit SHA: a10e5b8ef0e89d47754f7f268867d8567e1e667d
Triggered by: schedule
✅ Sincronización completada: Sun May 24 13:21:00 UTC 2026
Branch: main
Commit SHA: 197ec73f17e02b66ba059ef3e9d66c6364f1cea8
Triggered by: schedule
✅ Sincronización completada: Sun May 24 19:13:47 UTC 2026
Branch: main
Commit SHA: 1e8a06e57fd60749cf3b1814f5095b6e85091e26
Triggered by: schedule
✅ Sincronización completada: Mon May 25 03:35:26 UTC 2026
Branch: main
Commit SHA: a6e83458fa6281b38364c51a70b046dde112caa9
Triggered by: schedule
✅ Sincronización completada: Mon May 25 10:00:19 UTC 2026
Branch: main
Commit SHA: 16d03f7891b5c7f37aa31e6d9c8d983ab84bd8c9
Triggered by: schedule
✅ Sincronización completada: Mon May 25 14:49:21 UTC 2026
Branch: main
Commit SHA: 3bdf4771b5e3d7b908d760dc3fd0fc2e40b7d560
Triggered by: schedule
✅ Sincronización completada: Mon May 25 19:26:14 UTC 2026
Branch: main
Commit SHA: 7ba5e6affdd79a03d03245a0fc8bb640cd950a37
Triggered by: schedule
✅ Sincronización completada: Tue May 26 02:54:04 UTC 2026
Branch: main
Commit SHA: dc5d65e1c6e1392d72b9f46d1fcfbb57025db01a
Triggered by: schedule
✅ Sincronización completada: Tue May 26 09:51:23 UTC 2026
Branch: main
Commit SHA: f94cb0ba9ca25ce32054a3483d1a96ec8104f8a3
Triggered by: schedule
✅ Sincronización completada: Tue May 26 15:19:17 UTC 2026
Branch: main
Commit SHA: f03b2d916529aa321936f9770f1b067688056e1f
Triggered by: schedule
✅ Sincronización completada: Tue May 26 20:06:07 UTC 2026
Branch: main
Commit SHA: df83fb0207d5adc1fc47c71e43fc6874a6f34ee4
Triggered by: schedule
✅ Sincronización completada: Wed May 27 03:33:34 UTC 2026
Branch: main
Commit SHA: 2c97575306ea820dac80eb8b6322d500d8dfbc38
Triggered by: schedule
✅ Sincronización completada: Wed May 27 09:40:35 UTC 2026
Branch: main
Commit SHA: 121b607c385c0a30b7646812329e7fca568ca440
Triggered by: schedule
✅ Sincronización completada: Wed May 27 15:35:32 UTC 2026
Branch: main
Commit SHA: 056e3b7c38f869b97fbb065efea6180abb5399da
Triggered by: schedule
✅ Sincronización completada: Wed May 27 20:11:53 UTC 2026
Branch: main
Commit SHA: 27a19f579ff23bdcc15739631b840e6001c5687f
Triggered by: schedule
✅ Sincronización completada: Thu May 28 02:53:18 UTC 2026
Branch: main
Commit SHA: 5dd503b0498bc33d451246386ca464996af08825
Triggered by: schedule
✅ Sincronización completada: Thu May 28 09:57:10 UTC 2026
Branch: main
Commit SHA: 22169ea8a89e7b6e529b1f95caa94e00dcd71536
Triggered by: schedule
✅ Sincronización completada: Thu May 28 15:46:26 UTC 2026
Branch: main
Commit SHA: 66393df64d296be46ef56f01bb109c1664604ba0
Triggered by: schedule
✅ Sincronización completada: Thu May 28 20:18:49 UTC 2026
Branch: main
Commit SHA: ed30b9e6355f74b13c123fc1e149a00c80a51773
Triggered by: schedule
